

Version:	3.50
CmdLine:	C:\Users\user\Desktop\fb\LoginApp.exe --l4j-debug
JNI:		No
WOW64:		Yes
Working dir:	C:\Users\user\Desktop\fb\.
Requires JDK:	No
Requires 64-Bit: No
Java min ver:	
Java max ver:	
Substitute:	JAVA_HOME = C:\Users\user\.jdks\openjdk-24.0.1
Substitute:	PATH = C:\Windows\system32;C:\Windows;C:\Windows\System32\Wbem;C:\Windows\System32\WindowsPowerShell\v1.0\;C:\Windows\System32\OpenSSH\;C:\Program Files\Git\cmd;C:\Program Files\Microsoft SQL Server\150\Tools\Binn\;C:\Program Files\Microsoft SQL Server\Client SDK\ODBC\170\Tools\Binn\;C:\Program Files\dotnet\;C:\Program Files (x86)\Microsoft SQL Server\160\Tools\Binn\;C:\Program Files\Microsoft SQL Server\160\Tools\Binn\;C:\Program Files\Microsoft SQL Server\160\DTS\Binn\;C:\Users\user\.jdks\openjdk-24.0.1\bin;C:\Program Files\nodejs\;C:\Program Files\MySQL\MySQL Shell 8.0\bin\;C:\Users\user\AppData\Local\Microsoft\WindowsApps;C:\Users\user\AppData\Local\Programs\Microsoft VS Code\bin;C:\Users\user\.dotnet\tools;C:\Program Files\JetBrains\IntelliJ IDEA Community Edition 2025.1\bin;;C:\Users\user\AppData\Roaming\npm;C:\Users\user\AppData\Local\Programs\DockerDesktop\resources\bin;C:\Users\user\.jdks\openjdk-24.0.1\bin
JRE paths:	C:\Users\user\.jdks\openjdk-24.0.1;C:\Windows\system32;C:\Windows;C:\Windows\System32\Wbem;C:\Windows\System32\WindowsPowerShell\v1.0\;C:\Windows\System32\OpenSSH\;C:\Program Files\Git\cmd;C:\Program Files\Microsoft SQL Server\150\Tools\Binn\;C:\Program Files\Microsoft SQL Server\Client SDK\ODBC\170\Tools\Binn\;C:\Program Files\dotnet\;C:\Program Files (x86)\Microsoft SQL Server\160\Tools\Binn\;C:\Program Files\Microsoft SQL Server\160\Tools\Binn\;C:\Program Files\Microsoft SQL Server\160\DTS\Binn\;C:\Users\user\.jdks\openjdk-24.0.1\bin;C:\Program Files\nodejs\;C:\Program Files\MySQL\MySQL Shell 8.0\bin\;C:\Users\user\AppData\Local\Microsoft\WindowsApps;C:\Users\user\AppData\Local\Programs\Microsoft VS Code\bin;C:\Users\user\.dotnet\tools;C:\Program Files\JetBrains\IntelliJ IDEA Community Edition 2025.1\bin;;C:\Users\user\AppData\Roaming\npm;C:\Users\user\AppData\Local\Programs\DockerDesktop\resources\bin;C:\Users\user\.jdks\openjdk-24.0.1\bin
Check launcher:	C:\Users\user\.jdks\openjdk-24.0.1\bin\javaw.exe (OK)
Version string: 1.024.000_001 / 64-Bit (OK)
Launcher:	C:\Users\user\.jdks\openjdk-24.0.1\bin\javaw.exe
Launcher args:	-jar "C:\Users\user\Desktop\fb\LoginApp.exe"
Args length:	44/32768 chars
Exit code:	0


Version:	3.50
CmdLine:	C:\Users\user\Desktop\fb\LoginApp.exe --l4j-debug
JNI:		No
WOW64:		Yes
Working dir:	C:\Users\user\Desktop\fb\.
Requires JDK:	No
Requires 64-Bit: No
Java min ver:	1.024.000
Java max ver:	
Substitute:	JAVA_HOME = C:\Users\user\.jdks\openjdk-24.0.1
Substitute:	PATH = C:\Windows\system32;C:\Windows;C:\Windows\System32\Wbem;C:\Windows\System32\WindowsPowerShell\v1.0\;C:\Windows\System32\OpenSSH\;C:\Program Files\Git\cmd;C:\Program Files\Microsoft SQL Server\150\Tools\Binn\;C:\Program Files\Microsoft SQL Server\Client SDK\ODBC\170\Tools\Binn\;C:\Program Files\dotnet\;C:\Program Files (x86)\Microsoft SQL Server\160\Tools\Binn\;C:\Program Files\Microsoft SQL Server\160\Tools\Binn\;C:\Program Files\Microsoft SQL Server\160\DTS\Binn\;C:\Users\user\.jdks\openjdk-24.0.1\bin;C:\Program Files\nodejs\;C:\Program Files\MySQL\MySQL Shell 8.0\bin\;C:\Users\user\AppData\Local\Microsoft\WindowsApps;C:\Users\user\AppData\Local\Programs\Microsoft VS Code\bin;C:\Users\user\.dotnet\tools;C:\Program Files\JetBrains\IntelliJ IDEA Community Edition 2025.1\bin;;C:\Users\user\AppData\Roaming\npm;C:\Users\user\AppData\Local\Programs\DockerDesktop\resources\bin;C:\Users\user\.jdks\openjdk-24.0.1\bin
JRE paths:	C:\Users\user\.jdks\openjdk-24.0.1;C:\Windows\system32;C:\Windows;C:\Windows\System32\Wbem;C:\Windows\System32\WindowsPowerShell\v1.0\;C:\Windows\System32\OpenSSH\;C:\Program Files\Git\cmd;C:\Program Files\Microsoft SQL Server\150\Tools\Binn\;C:\Program Files\Microsoft SQL Server\Client SDK\ODBC\170\Tools\Binn\;C:\Program Files\dotnet\;C:\Program Files (x86)\Microsoft SQL Server\160\Tools\Binn\;C:\Program Files\Microsoft SQL Server\160\Tools\Binn\;C:\Program Files\Microsoft SQL Server\160\DTS\Binn\;C:\Users\user\.jdks\openjdk-24.0.1\bin;C:\Program Files\nodejs\;C:\Program Files\MySQL\MySQL Shell 8.0\bin\;C:\Users\user\AppData\Local\Microsoft\WindowsApps;C:\Users\user\AppData\Local\Programs\Microsoft VS Code\bin;C:\Users\user\.dotnet\tools;C:\Program Files\JetBrains\IntelliJ IDEA Community Edition 2025.1\bin;;C:\Users\user\AppData\Roaming\npm;C:\Users\user\AppData\Local\Programs\DockerDesktop\resources\bin;C:\Users\user\.jdks\openjdk-24.0.1\bin
Check launcher:	C:\Users\user\.jdks\openjdk-24.0.1\bin\javaw.exe (OK)
Version string: 1.024.000_001 / 64-Bit (OK)
Launcher:	C:\Users\user\.jdks\openjdk-24.0.1\bin\javaw.exe
Launcher args:	-jar "C:\Users\user\Desktop\fb\LoginApp.exe"
Args length:	44/32768 chars
Exit code:	0


Version:	3.50
CmdLine:	C:\Users\user\Desktop\fb\LoginApp.exe --l4j-debug
JNI:		No
WOW64:		Yes
Working dir:	C:\Users\user\Desktop\fb\.
Requires JDK:	No
Requires 64-Bit: No
Java min ver:	1.024.000
Java max ver:	
Substitute:	JAVA_HOME = C:\Users\user\.jdks\openjdk-24.0.1
Substitute:	PATH = C:\Windows\system32;C:\Windows;C:\Windows\System32\Wbem;C:\Windows\System32\WindowsPowerShell\v1.0\;C:\Windows\System32\OpenSSH\;C:\Program Files\Git\cmd;C:\Program Files\Microsoft SQL Server\150\Tools\Binn\;C:\Program Files\Microsoft SQL Server\Client SDK\ODBC\170\Tools\Binn\;C:\Program Files\dotnet\;C:\Program Files (x86)\Microsoft SQL Server\160\Tools\Binn\;C:\Program Files\Microsoft SQL Server\160\Tools\Binn\;C:\Program Files\Microsoft SQL Server\160\DTS\Binn\;C:\Users\user\.jdks\openjdk-24.0.1\bin;C:\Program Files\nodejs\;C:\Program Files\MySQL\MySQL Shell 8.0\bin\;C:\Users\user\AppData\Local\Microsoft\WindowsApps;C:\Users\user\AppData\Local\Programs\Microsoft VS Code\bin;C:\Users\user\.dotnet\tools;C:\Program Files\JetBrains\IntelliJ IDEA Community Edition 2025.1\bin;;C:\Users\user\AppData\Roaming\npm;C:\Users\user\AppData\Local\Programs\DockerDesktop\resources\bin;C:\Users\user\.jdks\openjdk-24.0.1\bin
JRE paths:	C:\Users\user\.jdks\openjdk-24.0.1;C:\Windows\system32;C:\Windows;C:\Windows\System32\Wbem;C:\Windows\System32\WindowsPowerShell\v1.0\;C:\Windows\System32\OpenSSH\;C:\Program Files\Git\cmd;C:\Program Files\Microsoft SQL Server\150\Tools\Binn\;C:\Program Files\Microsoft SQL Server\Client SDK\ODBC\170\Tools\Binn\;C:\Program Files\dotnet\;C:\Program Files (x86)\Microsoft SQL Server\160\Tools\Binn\;C:\Program Files\Microsoft SQL Server\160\Tools\Binn\;C:\Program Files\Microsoft SQL Server\160\DTS\Binn\;C:\Users\user\.jdks\openjdk-24.0.1\bin;C:\Program Files\nodejs\;C:\Program Files\MySQL\MySQL Shell 8.0\bin\;C:\Users\user\AppData\Local\Microsoft\WindowsApps;C:\Users\user\AppData\Local\Programs\Microsoft VS Code\bin;C:\Users\user\.dotnet\tools;C:\Program Files\JetBrains\IntelliJ IDEA Community Edition 2025.1\bin;;C:\Users\user\AppData\Roaming\npm;C:\Users\user\AppData\Local\Programs\DockerDesktop\resources\bin;C:\Users\user\.jdks\openjdk-24.0.1\bin
Check launcher:	C:\Users\user\.jdks\openjdk-24.0.1\bin\javaw.exe (OK)
Version string: 1.024.000_001 / 64-Bit (OK)
Launcher:	C:\Users\user\.jdks\openjdk-24.0.1\bin\javaw.exe
Launcher args:	--module-path "javafx-sdk-21.0.12/lib" --add-modules javafx.controls,javafx.fxml -jar "C:\Users\user\Desktop\fb\LoginApp.exe"
Args length:	125/32768 chars
Exit code:	0


Version:	3.50
CmdLine:	C:\Users\user\Desktop\fb\LoginApp.exe --l4j-debug
JNI:		No
WOW64:		Yes
Working dir:	C:\Users\user\Desktop\fb\.
Requires JDK:	No
Requires 64-Bit: No
Java min ver:	1.024.000
Java max ver:	
Substitute:	JAVA_HOME = C:\Users\user\.jdks\openjdk-24.0.1
Substitute:	PATH = C:\Windows\system32;C:\Windows;C:\Windows\System32\Wbem;C:\Windows\System32\WindowsPowerShell\v1.0\;C:\Windows\System32\OpenSSH\;C:\Program Files\Git\cmd;C:\Program Files\Microsoft SQL Server\150\Tools\Binn\;C:\Program Files\Microsoft SQL Server\Client SDK\ODBC\170\Tools\Binn\;C:\Program Files\dotnet\;C:\Program Files (x86)\Microsoft SQL Server\160\Tools\Binn\;C:\Program Files\Microsoft SQL Server\160\Tools\Binn\;C:\Program Files\Microsoft SQL Server\160\DTS\Binn\;C:\Users\user\.jdks\openjdk-24.0.1\bin;C:\Program Files\nodejs\;C:\Program Files\MySQL\MySQL Shell 8.0\bin\;C:\Users\user\AppData\Local\Microsoft\WindowsApps;C:\Users\user\AppData\Local\Programs\Microsoft VS Code\bin;C:\Users\user\.dotnet\tools;C:\Program Files\JetBrains\IntelliJ IDEA Community Edition 2025.1\bin;;C:\Users\user\AppData\Roaming\npm;C:\Users\user\AppData\Local\Programs\DockerDesktop\resources\bin;C:\Users\user\.jdks\openjdk-24.0.1\bin
JRE paths:	C:\Users\user\.jdks\openjdk-24.0.1;C:\Windows\system32;C:\Windows;C:\Windows\System32\Wbem;C:\Windows\System32\WindowsPowerShell\v1.0\;C:\Windows\System32\OpenSSH\;C:\Program Files\Git\cmd;C:\Program Files\Microsoft SQL Server\150\Tools\Binn\;C:\Program Files\Microsoft SQL Server\Client SDK\ODBC\170\Tools\Binn\;C:\Program Files\dotnet\;C:\Program Files (x86)\Microsoft SQL Server\160\Tools\Binn\;C:\Program Files\Microsoft SQL Server\160\Tools\Binn\;C:\Program Files\Microsoft SQL Server\160\DTS\Binn\;C:\Users\user\.jdks\openjdk-24.0.1\bin;C:\Program Files\nodejs\;C:\Program Files\MySQL\MySQL Shell 8.0\bin\;C:\Users\user\AppData\Local\Microsoft\WindowsApps;C:\Users\user\AppData\Local\Programs\Microsoft VS Code\bin;C:\Users\user\.dotnet\tools;C:\Program Files\JetBrains\IntelliJ IDEA Community Edition 2025.1\bin;;C:\Users\user\AppData\Roaming\npm;C:\Users\user\AppData\Local\Programs\DockerDesktop\resources\bin;C:\Users\user\.jdks\openjdk-24.0.1\bin
Check launcher:	C:\Users\user\.jdks\openjdk-24.0.1\bin\javaw.exe (OK)
Version string: 1.024.000_001 / 64-Bit (OK)
Launcher:	C:\Users\user\.jdks\openjdk-24.0.1\bin\javaw.exe
Launcher args:	--module-path "javafx-sdk-21.0.12/lib" --add-modules javafx.controls,javafx.fxml -jar "C:\Users\user\Desktop\fb\LoginApp.exe"
Args length:	125/32768 chars
Exit code:	0


Version:	3.50
CmdLine:	C:\Users\user\Desktop\fb\LoginApp.exe --l4j-debug
JNI:		No
WOW64:		Yes
Working dir:	C:\Users\user\Desktop\fb\.
Requires JDK:	No
Requires 64-Bit: No
Java min ver:	1.024.000
Java max ver:	
Substitute:	JAVA_HOME = C:\Users\user\.jdks\openjdk-24.0.1
Substitute:	PATH = C:\Windows\system32;C:\Windows;C:\Windows\System32\Wbem;C:\Windows\System32\WindowsPowerShell\v1.0\;C:\Windows\System32\OpenSSH\;C:\Program Files\Git\cmd;C:\Program Files\Microsoft SQL Server\150\Tools\Binn\;C:\Program Files\Microsoft SQL Server\Client SDK\ODBC\170\Tools\Binn\;C:\Program Files\dotnet\;C:\Program Files (x86)\Microsoft SQL Server\160\Tools\Binn\;C:\Program Files\Microsoft SQL Server\160\Tools\Binn\;C:\Program Files\Microsoft SQL Server\160\DTS\Binn\;C:\Users\user\.jdks\openjdk-24.0.1\bin;C:\Program Files\nodejs\;C:\Program Files\MySQL\MySQL Shell 8.0\bin\;C:\Users\user\AppData\Local\Microsoft\WindowsApps;C:\Users\user\AppData\Local\Programs\Microsoft VS Code\bin;C:\Users\user\.dotnet\tools;C:\Program Files\JetBrains\IntelliJ IDEA Community Edition 2025.1\bin;;C:\Users\user\AppData\Roaming\npm;C:\Users\user\AppData\Local\Programs\DockerDesktop\resources\bin;C:\Users\user\.jdks\openjdk-24.0.1\bin
JRE paths:	C:\Users\user\.jdks\openjdk-24.0.1;C:\Windows\system32;C:\Windows;C:\Windows\System32\Wbem;C:\Windows\System32\WindowsPowerShell\v1.0\;C:\Windows\System32\OpenSSH\;C:\Program Files\Git\cmd;C:\Program Files\Microsoft SQL Server\150\Tools\Binn\;C:\Program Files\Microsoft SQL Server\Client SDK\ODBC\170\Tools\Binn\;C:\Program Files\dotnet\;C:\Program Files (x86)\Microsoft SQL Server\160\Tools\Binn\;C:\Program Files\Microsoft SQL Server\160\Tools\Binn\;C:\Program Files\Microsoft SQL Server\160\DTS\Binn\;C:\Users\user\.jdks\openjdk-24.0.1\bin;C:\Program Files\nodejs\;C:\Program Files\MySQL\MySQL Shell 8.0\bin\;C:\Users\user\AppData\Local\Microsoft\WindowsApps;C:\Users\user\AppData\Local\Programs\Microsoft VS Code\bin;C:\Users\user\.dotnet\tools;C:\Program Files\JetBrains\IntelliJ IDEA Community Edition 2025.1\bin;;C:\Users\user\AppData\Roaming\npm;C:\Users\user\AppData\Local\Programs\DockerDesktop\resources\bin;C:\Users\user\.jdks\openjdk-24.0.1\bin
Check launcher:	C:\Users\user\.jdks\openjdk-24.0.1\bin\javaw.exe (OK)
Version string: 1.024.000_001 / 64-Bit (OK)
Launcher:	C:\Users\user\.jdks\openjdk-24.0.1\bin\javaw.exe
Launcher args:	--module-path "javafx-sdk-21.0.12/lib" --add-modules javafx.controls,javafx.fxml -jar "C:\Users\user\Desktop\fb\LoginApp.exe"
Args length:	125/32768 chars
Exit code:	0
